﻿[dotenv@17.2.4] injecting env (12) from .env -- tip: ΓÜÖ∩╕Å  write to custom object with { processEnv: myObject }
Testing EmailJS Integration...
node : [CRITICAL Email Send Error]: API access from 
non-browser environments is currently disabled.Enable this 
option in 
https://dashboard.emailjs.com/admin/account/security
At line:1 char:1
+ node test_emailjs.js > test_output.txt 2>&1
+ ~~~~~~~~~~~~~~~~~~~~~~~~~~~~~~~~~~~~~~~~~~~
    + CategoryInfo          : NotSpecified: ([CRITICAL Ema 
   il...ccount/security:String) [], RemoteException
    + FullyQualifiedErrorId : NativeCommandError
 
error: EmailJS Error: "API access from non-browser environments is currently disabled.Enable this option in https://dashboard.emailjs.com/admin/account/security" {"service":"user-service"}
Test failed: Error: Failed to send email. Please try again 
later.
    at sendEmailJS (D:\Downloads\unzip Folders\sahith 
project\deploy copy\smart-placement-portal\server\utils\sen
dEmail.js:40:11)
    at process.processTicksAndRejections 
(node:internal/process/task_queues:105:5)
    at async sendEmail (D:\Downloads\unzip Folders\sahith 
project\deploy 
copy\smart-placement-portal\server\utils\sendEmail.js:66:3)
    at async testEmailJS (D:\Downloads\unzip 
Folders\sahith project\deploy 
copy\smart-placement-portal\server\test_emailjs.js:10:5)
